logic__202: 
fifo_generator_top: 
case__22: 
reg__1: 
axi_data_fifo_v2_1_25_axic_fifo__parameterized0: 
reg__36: 
rd_status_flags_ss: 
reg__8: 
logic__197: 
reg__35: 
fifo_generator_v13_2_7_synth: 
reg__15: 
reg__78: 
keep__145: 
datapath__12: 
keep__137: 
reg__4: 
input_blk__parameterized0: 
reg__67: 
logic__110: 
logic__213: 
logic__191: 
case__25: 
logic__140: 
logic__90: 
reg__51: 
reg__70: 
xpm_cdc_async_rst: 
axi_protocol_converter_v2_1_26_w_axi3_conv: 
case__23: 
logic__71: 
reg__66: 
case__10: 
signinv__3: 
datapath__6: 
case__53: 
dmem__parameterized0: 
keep__148: 
rd_logic: 
logic__179: 
reg__52: 
reg__77: 
counter__4: 
output_blk: 
keep__123: 
case__44: 
reg__28: 
keep__150: 
keep__113: 
keep__118: 
reg__80: 
signinv__4: 
reg__12: 
logic__224: 
logic__167: 
logic__88: 
counter: 
logic__91: 
case__26: 
case__31: 
logic__158: 
case__35: 
logic__107: 
logic__42: 
addsub__1: 
reg__53: 
logic__95: 
reg__39: 
case__7: 
case__17: 
keep__125: 
logic__68: 
case__48: 
logic__25: 
datapath__4: 
logic__145: 
keep__128: 
reg__72: 
logic: 
case__47: 
logic__97: 
reg__85: 
reg: 
reg__20: 
logic__181: 
case__24: 
case__1: 
signinv: 
logic__220: 
keep__152: 
logic__171: 
counter__6: 
reg__41: 
keep__97: 
logic__22: 
logic__182: 
case__45: 
logic__207: 
axi_data_fifo_v2_1_25_fifo_gen: 
logic__12: 
logic__183: 
logic__149: 
reg__7: 
reg__31: 
datapath: 
logic__143: 
reg__32: 
logic__16: 
case__6: 
reg__44: 
logic__93: 
case__50: 
memory__parameterized0: 
logic__29: 
case__27: 
datapath__7: 
reg__34: 
case__16: 
logic__194: 
reg__23: 
datapath__10: 
reg__50: 
keep__110: 
fifo_generator_top__xdcDup__1: 
case__19: 
reg__42: 
case__18: 
counter__1: 
keep__100: 
keep__135: 
keep__114: 
reg__57: 
logic__210: 
keep__98: 
case__38: 
keep__140: 
logic__192: 
case: 
case__52: 
logic__104: 
logic__259: 
keep__147: 
axi_protocol_converter_v2_1_26_r_axi3_conv: 
logic__216: 
muxpart: 
reg__48: 
logic__203: 
datapath__8: 
keep__154: 
logic__15: 
logic__234: 
logic__180: 
logic__123: 
reg__73: 
keep__111: 
memory: 
counter__2: 
keep__95: 
logic__116: 
fifo_generator_ramfifo: 
reg__25: 
keep__156: 
axi_protocol_converter_v2_1_26_axi3_conv: 
keep__107: 
datapath__15: 
reg__61: 
reg__63: 
reg__62: 
logic__159: 
axi_data_fifo_v2_1_25_fifo_gen__xdcDup__1: 
logic__274: 
case__39: 
signinv__2: 
counter__8: 
reg__49: 
reg__29: 
logic__251: 
fifo_generator_v13_2_7__parameterized0: 
output_blk__parameterized0: 
reg__27: 
logic__219: 
logic__271: 
reg__65: 
datapath__1: 
input_blk: 
case__32: 
keep__127: 
reg__69: 
case__21: 
keep__109: 
addsub: 
logic__51: 
reg__75: 
logic__185: 
reg__46: 
axi_data_fifo_v2_1_25_axic_fifo: 
case__54: 
reg__56: 
logic__120: 
reg__40: 
keep__117: 
datapath__3: 
reg__13: 
keep__101: 
case__43: 
datapath__2: 
keep__94: 
case__20: 
logic__184: 
counter__3: 
reg__11: 
reg__84: 
keep__102: 
logic__144: 
reg__14: 
counter__5: 
logic__94: 
case__4: 
case__46: 
keep__143: 
reg__58: 
rd_bin_cntr: 
axi_protocol_converter_v2_1_26_a_axi3_conv__parameterized0: 
reg__6: 
reg__74: 
reg__68: 
axi_protocol_converter_v2_1_26_a_axi3_conv: 
reg__26: 
case__2: 
fifo_generator_v13_2_7_synth__xdcDup__1: 
reg__10: 
reg__55: 
logic__200: 
logic__89: 
logic__113: 
logic__170: 
keep__105: 
case__28: 
case__40: 
keep__149: 
case__34: 
rd_fwft: 
reg__19: 
logic__283: 
muxpart__1: 
keep__134: 
compare: 
logic__262: 
logic__6: 
keep__151: 
keep__115: 
case__13: 
logic__201: 
axi_data_fifo_v2_1_25_axic_fifo__xdcDup__1: 
dmem: 
reg__76: 
reg__21: 
keep__106: 
keep__146: 
fifo_generator_top__parameterized0: 
logic__273: 
logic__243: 
logic__238: 
keep__139: 
logic__63: 
signinv__5: 
datapath__5: 
keep__129: 
case__36: 
keep__119: 
keep__112: 
logic__237: 
case__3: 
datapath__16: 
logic__117: 
reg__54: 
logic__190: 
reg__60: 
reg__17: 
fifo_generator_v13_2_7: 
keep__124: 
case__29: 
datapath__14: 
logic__26: 
logic__164: 
logic__98: 
design_1_auto_pc_0: 
logic__21: 
keep__121: 
logic__32: 
logic__96: 
logic__76: 
logic__231: 
keep__136: 
fifo_generator_ramfifo__parameterized0: 
reg__5: 
keep__132: 
logic__23: 
reset_blk_ramfifo: 
logic__275: 
logic__130: 
logic__137: 
case__14: 
reg__38: 
datapath__9: 
reg__59: 
fifo_generator_ramfifo__xdcDup__1: 
logic__92: 
reset_blk_ramfifo__xdcDup__1: 
keep__108: 
datapath__13: 
logic__50: 
keep__116: 
reg__79: 
axi_data_fifo_v2_1_25_fifo_gen__parameterized0: 
logic__52: 
logic__85: 
reg__18: 
keep__104: 
logic__263: 
wr_logic: 
keep__142: 
reg__30: 
datapath__11: 
logic__67: 
logic__193: 
logic__124: 
reg__43: 
logic__204: 
keep__130: 
case__33: 
logic__278: 
signinv__1: 
case__37: 
reg__9: 
addsub__2: 
case__15: 
keep__141: 
logic__256: 
keep__153: 
reg__37: 
case__42: 
reg__71: 
reg__47: 
reg__33: 
reset_blk_ramfifo__xdcDup__2: 
counter__7: 
logic__62: 
reg__2: 
logic__101: 
keep__155: 
wr_status_flags_ss: 
reg__3: 
keep__133: 
case__5: 
keep__103: 
axi_protocol_converter_v2_1_26_axi_protocol_converter: 
keep__96: 
case__8: 
fifo_generator_v13_2_7__xdcDup__1: 
case__51: 
logic__250: 
reg__83: 
keep__120: 
case__49: 
logic__239: 
keep__131: 
fifo_generator_v13_2_7_synth__parameterized0: 
reg__16: 
reg__45: 
keep__144: 
keep__99: 
case__9: 
reg__81: 
logic__255: 
logic__163: 
logic__11: 
reg__22: 
reg__86: 
reg__24: 
keep__126: 
keep: 
keep__122: 
wr_bin_cntr: 
case__30: 
logic__272: 
reg__64: 
case__11: 
reg__82: 
case__41: 
keep__138: 
axi_protocol_converter_v2_1_26_b_downsizer: 
logic__24: 
