

================================================================
== Synthesis Summary Report of 'mq_iNTT'
================================================================
+ General Information: 
    * Date:           Mon Mar 25 12:40:08 2024
    * Version:        2022.1 (Build 3526262 on Mon Apr 18 15:47:01 MDT 2022)
    * Project:        falcon_hls_clean
    * Solution:       solution1 (Vivado IP Flow Target)
    * Product family: zynquplus
    * Target device:  xck26-sfvc784-2LV-c
    

+ Performance & Resource Estimates: 
    
    PS: '+' for module; 'o' for loop; '*' for dataflow
    +------------------------------------------------------------+------+------+---------+--------+----------+---------+------+----------+---------+---------+------------+-----------+-----+
    |                           Modules                          | Issue|      | Latency | Latency| Iteration|         | Trip |          |         |         |            |           |     |
    |                           & Loops                          | Type | Slack| (cycles)|  (ns)  |  Latency | Interval| Count| Pipelined|  BRAM   |   DSP   |     FF     |    LUT    | URAM|
    +------------------------------------------------------------+------+------+---------+--------+----------+---------+------+----------+---------+---------+------------+-----------+-----+
    |+ mq_iNTT*                                                  |     -|  0.00|        -|       -|         -|        -|     -|  dataflow|  1 (~0%)|  7 (~0%)|   2687 (1%)|  4239 (3%)|    -|
    | + entry_proc                                               |     -|  5.46|        0|   0.000|         -|        0|     -|        no|        -|        -|     2 (~0%)|   20 (~0%)|    -|
    | + Block_entry47_proc                                       |     -|  5.91|        0|   0.000|         -|        0|     -|        no|        -|        -|    66 (~0%)|  199 (~0%)|    -|
    | + Loop_VITIS_LOOP_154_1_proc                               |     -|  0.00|        -|       -|         -|        -|     -|        no|  1 (~0%)|  7 (~0%)|  1539 (~0%)|  2240 (1%)|    -|
    |  + Loop_VITIS_LOOP_154_1_proc_Pipeline_VITIS_LOOP_194_4    |     -|  5.74|        -|       -|         -|        -|     -|        no|        -|        -|    98 (~0%)|  119 (~0%)|    -|
    |   o VITIS_LOOP_194_4                                       |     -|  7.30|        -|       -|         1|        1|     -|       yes|        -|        -|           -|          -|    -|
    |  + Loop_VITIS_LOOP_154_1_proc_Pipeline_VITIS_LOOP_199_5    |     -|  0.00|        -|       -|         -|        -|     -|        no|        -|  4 (~0%)|   248 (~0%)|  474 (~0%)|    -|
    |   o VITIS_LOOP_199_5                                       |    II|  7.30|        -|       -|        22|       21|     -|       yes|        -|        -|           -|          -|    -|
    |  o VITIS_LOOP_154_1                                        |     -|  7.30|        -|       -|         -|        -|     -|        no|        -|        -|           -|          -|    -|
    |   o VITIS_LOOP_159_2                                       |     -|  7.30|        -|       -|         -|        -|     -|        no|        -|        -|           -|          -|    -|
    |    + Loop_VITIS_LOOP_154_1_proc_Pipeline_VITIS_LOOP_165_3  |     -|  0.00|        -|       -|         -|        -|     -|        no|        -|  3 (~0%)|   331 (~0%)|  800 (~0%)|    -|
    |     o VITIS_LOOP_165_3                                     |    II|  7.30|        -|       -|        26|       25|     -|       yes|        -|        -|           -|          -|    -|
    +------------------------------------------------------------+------+------+---------+--------+----------+---------+------+----------+---------+---------+------------+-----------+-----+


================================================================
== HW Interfaces
================================================================
* M_AXI
+-------------+------------+---------------+---------+--------+----------+-----------+--------------+--------------+-------------+-------------+
| Interface   | Data Width | Address Width | Latency | Offset | Register | Max Widen | Max Read     | Max Write    | Num Read    | Num Write   |
|             | (SW->HW)   |               |         |        |          | Bitwidth  | Burst Length | Burst Length | Outstanding | Outstanding |
+-------------+------------+---------------+---------+--------+----------+-----------+--------------+--------------+-------------+-------------+
| m_axi_gmem0 | 16 -> 16   | 64            | 0       | slave  | 0        | 0         | 16           | 16           | 16          | 16          |
+-------------+------------+---------------+---------+--------+----------+-----------+--------------+--------------+-------------+-------------+

* S_AXILITE Interfaces
+---------------+------------+---------------+--------+----------+
| Interface     | Data Width | Address Width | Offset | Register |
+---------------+------------+---------------+--------+----------+
| s_axi_control | 32         | 6             | 16     | 0        |
+---------------+------------+---------------+--------+----------+

* S_AXILITE Registers
+---------------+----------+--------+-------+--------+----------------------------------+----------------------------------------------------------------------+
| Interface     | Register | Offset | Width | Access | Description                      | Bit Fields                                                           |
+---------------+----------+--------+-------+--------+----------------------------------+----------------------------------------------------------------------+
| s_axi_control | CTRL     | 0x00   | 32    | RW     | Control signals                  | 0=AP_START 1=AP_DONE 2=AP_IDLE 3=AP_READY 7=AUTO_RESTART 9=INTERRUPT |
| s_axi_control | GIER     | 0x04   | 32    | RW     | Global Interrupt Enable Register | 0=Enable                                                             |
| s_axi_control | IP_IER   | 0x08   | 32    | RW     | IP Interrupt Enable Register     | 0=CHAN0_INT_EN 1=CHAN1_INT_EN                                        |
| s_axi_control | IP_ISR   | 0x0c   | 32    | RW     | IP Interrupt Status Register     | 0=CHAN0_INT_ST 1=CHAN1_INT_ST                                        |
| s_axi_control | a_1      | 0x10   | 32    | W      | Data signal of a                 |                                                                      |
| s_axi_control | a_2      | 0x14   | 32    | W      | Data signal of a                 |                                                                      |
| s_axi_control | logn     | 0x1c   | 32    | W      | Data signal of logn              |                                                                      |
+---------------+----------+--------+-------+--------+----------------------------------+----------------------------------------------------------------------+

* TOP LEVEL CONTROL
+-----------+------------+-----------+
| Interface | Type       | Ports     |
+-----------+------------+-----------+
| ap_clk    | clock      | ap_clk    |
| ap_rst_n  | reset      | ap_rst_n  |
| interrupt | interrupt  | interrupt |
| ap_ctrl   | ap_ctrl_hs |           |
+-----------+------------+-----------+


================================================================
== SW I/O Information
================================================================
* Top Function Arguments
+----------+-----------+-----------------+
| Argument | Direction | Datatype        |
+----------+-----------+-----------------+
| a        | inout     | unsigned short* |
| logn     | in        | unsigned int    |
+----------+-----------+-----------------+

* SW-to-HW Mapping
+----------+---------------+-----------+----------+--------------------------------+
| Argument | HW Interface  | HW Type   | HW Usage | HW Info                        |
+----------+---------------+-----------+----------+--------------------------------+
| a        | m_axi_gmem0   | interface |          |                                |
| a        | s_axi_control | register  | offset   | name=a_1 offset=0x10 range=32  |
| a        | s_axi_control | register  | offset   | name=a_2 offset=0x14 range=32  |
| logn     | s_axi_control | register  |          | name=logn offset=0x1c range=32 |
+----------+---------------+-----------+----------+--------------------------------+


================================================================
== M_AXI Burst Information
================================================================
 Note: All burst requests might be further partitioned into multiple requests during RTL generation based on max_read_burst_length or max_write_burst_length settings.

* Inferred Bursts and Widening Missed
+--------------+----------+------------------------------+------------+-----------------------------+
| HW Interface | Variable | Problem                      | Resolution | Location                    |
+--------------+----------+------------------------------+------------+-----------------------------+
| m_axi_gmem0  | a        | Access is clobbered by store | 214-231    | hls_source/my_intt.c:168:9  |
| m_axi_gmem0  | a        | Access is clobbered by store | 214-231    | hls_source/my_intt.c:169:9  |
| m_axi_gmem0  | a        | Access is clobbered by load  | 214-231    | hls_source/my_intt.c:173:10 |
| m_axi_gmem0  | a        | Access is clobbered by load  | 214-231    | hls_source/my_intt.c:187:14 |
| m_axi_gmem0  | a        | Access is clobbered by store | 214-231    | hls_source/my_intt.c:201:10 |
| m_axi_gmem0  | a        | Access is clobbered by load  | 214-231    | hls_source/my_intt.c:206:8  |
+--------------+----------+------------------------------+------------+-----------------------------+

    * Resolution URL: www.xilinx.com/cgi-bin/docs/rdoc?v=2022.1;t=hls+guidance;d=XXX-YYY.html (replace XXX-YYY with column value)

================================================================
== Bind Op Report
================================================================
+----------------------------------------------------------+-----+--------+-----------------+------+--------+---------+
| Name                                                     | DSP | Pragma | Variable        | Op   | Impl   | Latency |
+----------------------------------------------------------+-----+--------+-----------------+------+--------+---------+
| + mq_iNTT                                                | 7   |        |                 |      |        |         |
|   m_6_loc_channel_U                                      | -   |        | m_6_loc_channel | fifo | srl    | 0       |
|  + Loop_VITIS_LOOP_154_1_proc                            | 7   |        |                 |      |        |         |
|    i_1_fu_242_p2                                         | -   |        | i_1             | add  | fabric | 0       |
|    add_ln164_fu_252_p2                                   | -   |        | add_ln164       | add  | fabric | 0       |
|    j1_fu_262_p2                                          | -   |        | j1              | add  | fabric | 0       |
|    add_ln159_fu_267_p2                                   | -   |        | add_ln159       | add  | fabric | 0       |
|   + Loop_VITIS_LOOP_154_1_proc_Pipeline_VITIS_LOOP_194_4 | 0   |        |                 |      |        |         |
|     ni_3_fu_106_p2                                       | -   |        | ni_3            | add  | fabric | 0       |
|   + Loop_VITIS_LOOP_154_1_proc_Pipeline_VITIS_LOOP_165_3 | 3   |        |                 |      |        |         |
|     add_ln168_fu_197_p2                                  | -   |        | add_ln168       | add  | fabric | 0       |
|     add_ln169_fu_222_p2                                  | -   |        | add_ln169       | add  | fabric | 0       |
|     add_ln169_1_fu_235_p2                                | -   |        | add_ln169_1     | add  | fabric | 0       |
|     tmp1_1_fu_280_p2                                     | -   |        | tmp1_1          | sub  | fabric | 0       |
|     add_ln171_fu_290_p2                                  | -   |        | add_ln171       | add  | fabric | 0       |
|     tmp1_fu_300_p2                                       | -   |        | tmp1            | add  | fabric | 0       |
|     am_addmul_15s_17s_14ns_32_4_1_U4                     | 1   |        | tmp1_4          | add  | dsp48  | 3       |
|     am_addmul_15s_17s_14ns_32_4_1_U4                     | 1   |        | tmp2            | mul  | dsp48  | 3       |
|     mul_mul_16s_14ns_16_4_1_U5                           | 1   |        | mul_ln183       | mul  | dsp48  | 3       |
|     mac_muladd_16ns_14ns_32s_32_4_1_U6                   | 1   |        | tmp1_3          | mul  | dsp48  | 3       |
|     mac_muladd_16ns_14ns_32s_32_4_1_U6                   | 1   |        | add_ln184       | add  | dsp48  | 3       |
|     tmp2_2_fu_367_p2                                     | -   |        | tmp2_2          | add  | fabric | 0       |
|     add_ln187_fu_389_p2                                  | -   |        | add_ln187       | add  | fabric | 0       |
|     j_2_fu_260_p2                                        | -   |        | j_2             | add  | fabric | 0       |
|   + Loop_VITIS_LOOP_154_1_proc_Pipeline_VITIS_LOOP_199_5 | 4   |        |                 |      |        |         |
|     m_2_fu_137_p2                                        | -   |        | m_2             | add  | fabric | 0       |
|     add_ln201_fu_149_p2                                  | -   |        | add_ln201       | add  | fabric | 0       |
|     mul_31ns_16ns_32_1_1_U18                             | 2   |        | tmp2            | mul  | auto   | 0       |
|     mul_mul_16s_14ns_16_4_1_U19                          | 1   |        | mul_ln202       | mul  | dsp48  | 3       |
|     mac_muladd_16ns_14ns_32ns_32_4_1_U20                 | 1   |        | tmp1            | mul  | dsp48  | 3       |
|     mac_muladd_16ns_14ns_32ns_32_4_1_U20                 | 1   |        | add_ln203       | add  | dsp48  | 3       |
|     tmp2_1_fu_207_p2                                     | -   |        | tmp2_1          | add  | fabric | 0       |
|     add_ln206_fu_229_p2                                  | -   |        | add_ln206       | add  | fabric | 0       |
+----------------------------------------------------------+-----+--------+-----------------+------+--------+---------+


================================================================
== Bind Storage Report
================================================================
+-------------------------------+------+------+--------+----------+---------+------+---------+
| Name                          | BRAM | URAM | Pragma | Variable | Storage | Impl | Latency |
+-------------------------------+------+------+--------+----------+---------+------+---------+
| + mq_iNTT                     | 1    | 0    |        |          |         |      |         |
|   a_c_U                       | -    | -    |        | a_c      | fifo    | srl  | 0       |
|  + Loop_VITIS_LOOP_154_1_proc | 1    | 0    |        |          |         |      |         |
|    iGMb_U                     | 1    | -    |        | iGMb     | rom_1p  | auto | 1       |
+-------------------------------+------+------+--------+----------+---------+------+---------+


================================================================
== Pragma Report
================================================================
* Pragmas with Warnings
+----------+---------+-------------------------------------------------+------------------------------------------------------------------------------------------------------------------------------------------------------------------------------------+
| Type     | Options | Location                                        | Messages                                                                                                                                                                           |
+----------+---------+-------------------------------------------------+------------------------------------------------------------------------------------------------------------------------------------------------------------------------------------+
| dataflow |         | hls_source/fft.c:606 in fft_stub                | Since the only kind of statements allowed in a canonical dataflow region are variable declarations and function calls, the compiler may not be able to correctly handle the region |
| dataflow |         | hls_source/fft.c:907 in fft                     | Since the only kind of statements allowed in a canonical dataflow region are variable declarations and function calls, the compiler may not be able to correctly handle the region |
|          |         |                                                 | There are a total of 4 such instances of non-canonical statements in the dataflow region                                                                                           |
| dataflow |         | hls_source/fft.c:1029 in ifft_stub              | Since the only kind of statements allowed in a canonical dataflow region are variable declarations and function calls, the compiler may not be able to correctly handle the region |
| dataflow |         | hls_source/fft.c:1414 in ifft                   | Since the only kind of statements allowed in a canonical dataflow region are variable declarations and function calls, the compiler may not be able to correctly handle the region |
|          |         |                                                 | There are a total of 7 such instances of non-canonical statements in the dataflow region                                                                                           |
| dataflow |         | hls_source/keygen.c:1006 in modp_ntt2_ext_stub  | Since the only kind of statements allowed in a canonical dataflow region are variable declarations and function calls, the compiler may not be able to correctly handle the region |
| dataflow |         | hls_source/keygen.c:1288 in modp_intt2_ext_stub | Since the only kind of statements allowed in a canonical dataflow region are variable declarations and function calls, the compiler may not be able to correctly handle the region |
|          |         |                                                 | There are a total of 8 such instances of non-canonical statements in the dataflow region                                                                                           |
| dataflow |         | hls_source/my_intt.c:146 in mq_intt             | Since the only kind of statements allowed in a canonical dataflow region are variable declarations and function calls, the compiler may not be able to correctly handle the region |
|          |         |                                                 | There are a total of 7 such instances of non-canonical statements in the dataflow region                                                                                           |
| dataflow |         | hls_source/my_ntt.c:144 in mq_ntt               | Since the only kind of statements allowed in a canonical dataflow region are variable declarations and function calls, the compiler may not be able to correctly handle the region |
+----------+---------+-------------------------------------------------+------------------------------------------------------------------------------------------------------------------------------------------------------------------------------------+

* Valid Pragma Syntax
+-----------------+--------------------------------------------------------+--------------------------------------------------------+
| Type            | Options                                                | Location                                               |
+-----------------+--------------------------------------------------------+--------------------------------------------------------+
| loop_tripcount  | min=0 max=1024                                         | hls_source/common.c:297 in is_short_half               |
| loop_tripcount  | max=102                                                | hls_source/fft.c:226 in poly_invnorm2_fft              |
| loop_tripcount  | max=102                                                | hls_source/fft.c:249 in poly_div_autoadj_fft           |
| loop_tripcount  | max=102                                                | hls_source/fft.c:264 in poly_ldl_fft                   |
| loop_tripcount  | max=102                                                | hls_source/fft.c:295 in poly_ldlmv_fft                 |
| loop_tripcount  | max=102                                                | hls_source/fft.c:322 in poly_muladj_fft                |
| loop_tripcount  | max=102                                                | hls_source/fft.c:346 in poly_mulselfadj_fft            |
| loop_tripcount  | max=56                                                 | hls_source/fft.c:375 in poly_merge_fft                 |
| loop_tripcount  | max=56                                                 | hls_source/fft.c:421 in poly_split_fft                 |
| loop_tripcount  | max=186                                                | hls_source/fft.c:451 in poly_neg                       |
| loop_tripcount  | max=186                                                | hls_source/fft.c:465 in poly_sub                       |
| loop_tripcount  | max=102                                                | hls_source/fft.c:481 in poly_add_muladj_fft            |
| loop_tripcount  | max=102                                                | hls_source/fft.c:512 in poly_mul_fft                   |
| loop_tripcount  | max=186                                                | hls_source/fft.c:533 in poly_add                       |
| loop_tripcount  | max=186                                                | hls_source/fft.c:547 in poly_adj_fft                   |
| loop_tripcount  | max=186                                                | hls_source/fft.c:563 in poly_mulconst                  |
| loop_tripcount  | max=102                                                | hls_source/fft.c:581 in poly_mul_autoadj_fft           |
| interface       | m_axi port=f bundle=gmem0 offset=slave depth=1024      | hls_source/fft.c:603 in fft_stub, f                    |
| interface       | s_axilite port=return                                  | hls_source/fft.c:604 in fft_stub, return               |
| array_partition | variable=Stage_R dim=1 complete                        | hls_source/fft.c:608 in fft_stub, Stage_R              |
| array_partition | variable=Stage_I dim=1 complete                        | hls_source/fft.c:609 in fft_stub, Stage_I              |
| unroll          |                                                        | hls_source/fft.c:627 in fft_stub                       |
| unroll          |                                                        | hls_source/fft.c:652 in fft_stub                       |
| unroll          |                                                        | hls_source/fft.c:677 in fft_stub                       |
| unroll          |                                                        | hls_source/fft.c:702 in fft_stub                       |
| unroll          |                                                        | hls_source/fft.c:727 in fft_stub                       |
| unroll          |                                                        | hls_source/fft.c:752 in fft_stub                       |
| unroll          |                                                        | hls_source/fft.c:777 in fft_stub                       |
| unroll          |                                                        | hls_source/fft.c:802 in fft_stub                       |
| unroll          |                                                        | hls_source/fft.c:827 in fft_stub                       |
| unroll          |                                                        | hls_source/fft.c:852 in fft_stub                       |
| pipeline        |                                                        | hls_source/fft.c:882 in fft_stage                      |
| loop_tripcount  | max=1                                                  | hls_source/fft.c:883 in fft_stage                      |
| interface       | m_axi port=f bundle=gmem0 offset=slave depth=1024      | hls_source/fft.c:902 in fft, f                         |
| interface       | s_axilite port=logn                                    | hls_source/fft.c:903 in fft, logn                      |
| interface       | s_axilite port=return                                  | hls_source/fft.c:904 in fft, return                    |
| inline          | recursive                                              | hls_source/fft.c:906 in fft                            |
| loop_tripcount  | max=9                                                  | hls_source/fft.c:957 in fft                            |
| loop_tripcount  | max=56                                                 | hls_source/fft.c:963 in fft                            |
| loop_tripcount  | max=56                                                 | hls_source/fft.c:972 in fft                            |
| pipeline        | II=32                                                  | hls_source/fft.c:973 in fft                            |
| array_partition | variable=Stage_R dim=1 complete                        | hls_source/fft.c:1034 in ifft_stub, Stage_R            |
| array_partition | variable=Stage_I dim=1 complete                        | hls_source/fft.c:1035 in ifft_stub, Stage_I            |
| unroll          |                                                        | hls_source/fft.c:1047 in ifft_stub                     |
| unroll          |                                                        | hls_source/fft.c:1081 in ifft_stub                     |
| unroll          |                                                        | hls_source/fft.c:1115 in ifft_stub                     |
| unroll          |                                                        | hls_source/fft.c:1149 in ifft_stub                     |
| unroll          |                                                        | hls_source/fft.c:1183 in ifft_stub                     |
| unroll          |                                                        | hls_source/fft.c:1217 in ifft_stub                     |
| unroll          |                                                        | hls_source/fft.c:1251 in ifft_stub                     |
| unroll          |                                                        | hls_source/fft.c:1285 in ifft_stub                     |
| unroll          |                                                        | hls_source/fft.c:1319 in ifft_stub                     |
| unroll          |                                                        | hls_source/fft.c:1353 in ifft_stub                     |
| pipeline        |                                                        | hls_source/fft.c:1396 in ifft_stage                    |
| loop_tripcount  | max=1                                                  | hls_source/fft.c:1397 in ifft_stage                    |
| interface       | m_axi port=f bundle=gmem0 offset=slave depth=1024      | hls_source/fft.c:1409 in ifft, f                       |
| interface       | s_axilite port=logn                                    | hls_source/fft.c:1410 in ifft, logn                    |
| interface       | s_axilite port=return                                  | hls_source/fft.c:1411 in ifft, return                  |
| inline          | recursive                                              | hls_source/fft.c:1413 in ifft                          |
| loop_tripcount  | min=0 max=1                                            | hls_source/fft.c:1464 in ifft                          |
| loop_tripcount  | min=0 max=1                                            | hls_source/fft.c:1470 in ifft                          |
| loop_tripcount  | min=0 max=2305                                         | hls_source/fft.c:1479 in ifft                          |
| pipeline        | II=28                                                  | hls_source/fft.c:1480 in ifft                          |
| pipeline        | II=18                                                  | hls_source/fft.c:1504 in ifft                          |
| inline          | off                                                    | hls_source/fpr.c:47 in fpr_of                          |
| inline          | off                                                    | hls_source/fpr.c:113 in fpr_floor                      |
| pipeline        |                                                        | hls_source/keygen.c:988 in modp_ntt2_ext_stage         |
| array_partition | variable=Stage dim=1 complete                          | hls_source/keygen.c:1008 in modp_ntt2_ext_stub, Stage  |
| unroll          |                                                        | hls_source/keygen.c:1026 in modp_ntt2_ext_stub         |
| unroll          |                                                        | hls_source/keygen.c:1045 in modp_ntt2_ext_stub         |
| unroll          |                                                        | hls_source/keygen.c:1064 in modp_ntt2_ext_stub         |
| unroll          |                                                        | hls_source/keygen.c:1083 in modp_ntt2_ext_stub         |
| unroll          |                                                        | hls_source/keygen.c:1102 in modp_ntt2_ext_stub         |
| unroll          |                                                        | hls_source/keygen.c:1121 in modp_ntt2_ext_stub         |
| unroll          |                                                        | hls_source/keygen.c:1140 in modp_ntt2_ext_stub         |
| unroll          |                                                        | hls_source/keygen.c:1159 in modp_ntt2_ext_stub         |
| unroll          |                                                        | hls_source/keygen.c:1178 in modp_ntt2_ext_stub         |
| unroll          |                                                        | hls_source/keygen.c:1197 in modp_ntt2_ext_stub         |
| array_partition | variable=Stage dim=1 complete                          | hls_source/keygen.c:1290 in modp_intt2_ext_stub, Stage |
| allocation      | function instances=modp_montymul limit=1               | hls_source/keygen.c:2455 in poly_sub_scaled_ntt        |
| interface       | m_axi port=f_out bundle=gmem0 offset=slave             | hls_source/keygen.c:5743 in keygen, f_out              |
| interface       | m_axi port=g_out bundle=gmem0 offset=slave             | hls_source/keygen.c:5744 in keygen, g_out              |
| interface       | m_axi port=h_out bundle=gmem0 offset=slave             | hls_source/keygen.c:5745 in keygen, h_out              |
| interface       | m_axi port=F_upper_out bundle=gmem0 offset=slave       | hls_source/keygen.c:5746 in keygen, F_upper_out        |
| interface       | m_axi port=G_upper_out bundle=gmem0 offset=slave       | hls_source/keygen.c:5747 in keygen, G_upper_out        |
| interface       | m_axi port=seed bundle=gmem0 offset=slave              | hls_source/keygen.c:5748 in keygen, seed               |
| interface       | s_axilite port=return                                  | hls_source/keygen.c:5749 in keygen, return             |
| pipeline        | off                                                    | hls_source/keygen.c:5762 in keygen                     |
| array_partition | variable=rng type=complete                             | hls_source/keygen.c:5796 in keygen, rng                |
| interface       | m_axi port=a bundle=gmem0 offset=slave depth=1024      | hls_source/my_intt.c:141 in mq_intt, a                 |
| interface       | s_axilite port=logn                                    | hls_source/my_intt.c:142 in mq_intt, logn              |
| interface       | s_axilite port=return                                  | hls_source/my_intt.c:143 in mq_intt, return            |
| inline          | recursive                                              | hls_source/my_intt.c:145 in mq_intt                    |
| interface       | m_axi port=a bundle=gmem0 offset=slave depth=1024      | hls_source/my_ntt.c:139 in mq_ntt, a                   |
| interface       | s_axilite port=logn                                    | hls_source/my_ntt.c:140 in mq_ntt, logn                |
| interface       | s_axilite port=return                                  | hls_source/my_ntt.c:141 in mq_ntt, return              |
| inline          | off                                                    | hls_source/my_ntt.c:143 in mq_ntt                      |
| inline          | OFF                                                    | hls_source/rng.c:80 in prng_refill                     |
| pipeline        | off                                                    | hls_source/rng.c:94 in prng_refill                     |
| loop_tripcount  | max=8                                                  | hls_source/rng.c:95 in prng_refill                     |
| loop_tripcount  | max=16                                                 | hls_source/rng.c:152 in prng_refill                    |
| loop_tripcount  | min=1 avg=1 max=1                                      | hls_source/shake.c:847 in i_shake256_extract           |
| loop_tripcount  | min=1 avg=2 max=136                                    | hls_source/shake.c:864 in i_shake256_extract           |
| loop_tripcount  | max=511                                                | hls_source/sign.c:348 in ffsampling_fft_it             |
| loop_tripcount  | max=1                                                  | hls_source/sign.c:489 in ffsampling_fft_it             |
| interface       | mode=m_axi port=f bundle=gmem0 offset=slave            | hls_source/sign.c:1117 in expand_privkey, f            |
| interface       | mode=m_axi port=g bundle=gmem0 offset=slave            | hls_source/sign.c:1118 in expand_privkey, g            |
| interface       | mode=m_axi port=F_upper bundle=gmem0 offset=slave      | hls_source/sign.c:1119 in expand_privkey, F_upper      |
| interface       | mode=m_axi port=G_upper bundle=gmem0 offset=slave      | hls_source/sign.c:1120 in expand_privkey, G_upper      |
| interface       | mode=m_axi port=expanded_key bundle=gmem0 offset=slave | hls_source/sign.c:1121 in expand_privkey, expanded_key |
| interface       | s_axilite port=return                                  | hls_source/sign.c:1122 in expand_privkey, return       |
| loop_tripcount  | max=1                                                  | hls_source/sign.c:1455 in berexp                       |
| loop_tripcount  | max=1                                                  | hls_source/sign.c:1504 in sampler                      |
| interface       | mode=m_axi port=in bundle=gmem0 offset=slave           | hls_source/sign.c:1572 in bug, in                      |
| interface       | mode=m_axi port=out bundle=gmem0 offset=slave          | hls_source/sign.c:1573 in bug, out                     |
| interface       | mode=m_axi port=out2 bundle=gmem0 offset=slave         | hls_source/sign.c:1574 in bug, out2                    |
| interface       | mode=m_axi port=out_int bundle=gmem0 offset=slave      | hls_source/sign.c:1575 in bug, out_int                 |
| interface       | s_axilite port=return                                  | hls_source/sign.c:1576 in bug, return                  |
| interface       | mode=m_axi port=f bundle=gmem0 offset=slave            | hls_source/sign.c:1602 in sign_tree_expand, f          |
| interface       | mode=m_axi port=g bundle=gmem0 offset=slave            | hls_source/sign.c:1603 in sign_tree_expand, g          |
| interface       | mode=m_axi port=F_upper bundle=gmem0 offset=slave      | hls_source/sign.c:1604 in sign_tree_expand, F_upper    |
| interface       | mode=m_axi port=G_upper bundle=gmem0 offset=slave      | hls_source/sign.c:1605 in sign_tree_expand, G_upper    |
| interface       | mode=m_axi port=sig bundle=gmem0 offset=slave          | hls_source/sign.c:1606 in sign_tree_expand, sig        |
| interface       | mode=m_axi port=seed bundle=gmem0 offset=slave         | hls_source/sign.c:1607 in sign_tree_expand, seed       |
| interface       | mode=m_axi port=hm bundle=gmem0 offset=slave           | hls_source/sign.c:1609 in sign_tree_expand, hm         |
| interface       | s_axilite port=return                                  | hls_source/sign.c:1610 in sign_tree_expand, return     |
| array_partition | variable=rng type=complete                             | hls_source/sign.c:1617 in sign_tree_expand, rng        |
| interface       | mode=m_axi port=sig bundle=gmem0 offset=slave          | hls_source/sign.c:1892 in sign_tree, sig               |
| interface       | mode=m_axi port=seed bundle=gmem0 offset=slave         | hls_source/sign.c:1893 in sign_tree, seed              |
| interface       | mode=m_axi port=expanded_key bundle=gmem0 offset=slave | hls_source/sign.c:1894 in sign_tree, expanded_key      |
| interface       | mode=m_axi port=hm bundle=gmem0 offset=slave           | hls_source/sign.c:1895 in sign_tree, hm                |
| interface       | s_axilite port=return                                  | hls_source/sign.c:1896 in sign_tree, return            |
| array_partition | variable=rng type=complete                             | hls_source/sign.c:1912 in sign_tree, rng               |
| loop_tripcount  | max=1                                                  | hls_source/sign.c:1919 in sign_tree                    |
| interface       | mode=m_axi depth=1024 port=h                           | hls_source/vrfy.c:825 in compute_public, h             |
| interface       | mode=m_axi depth=1024 port=f                           | hls_source/vrfy.c:826 in compute_public, f             |
| interface       | mode=m_axi depth=1024 port=g                           | hls_source/vrfy.c:827 in compute_public, g             |
| interface       | mode=m_axi depth=4096 port=tmp                         | hls_source/vrfy.c:828 in compute_public, tmp           |
| interface       | mode=s_axilite port=return                             | hls_source/vrfy.c:829 in compute_public, return        |
| interface       | mode=s_axilite port=logn                               | hls_source/vrfy.c:830 in compute_public, logn          |
+-----------------+--------------------------------------------------------+--------------------------------------------------------+


